src/webview/settingsHelper.ts(139,11): error TS1005: ';' expected.
src/webview/settingsHelper.ts(139,16): error TS1005: '{' expected.
src/webview/settingsHelper.ts(140,13): error TS1005: '>' expected.
src/webview/settingsHelper.ts(140,18): error TS1005: '{' expected.
src/webview/settingsHelper.ts(140,46): error TS1110: Type expected.
src/webview/settingsHelper.ts(142,14): error TS1005: '>' expected.
src/webview/settingsHelper.ts(142,19): error TS1005: '{' expected.
src/webview/settingsHelper.ts(142,39): error TS1005: ';' expected.
src/webview/settingsHelper.ts(142,58): error TS1110: Type expected.
src/webview/settingsHelper.ts(143,17): error TS1005: ';' expected.
src/webview/settingsHelper.ts(143,22): error TS1005: '{' expected.
src/webview/settingsHelper.ts(143,42): error TS1005: ';' expected.
src/webview/settingsHelper.ts(143,78): error TS1110: Type expected.
src/webview/settingsHelper.ts(144,14): error TS1161: Unterminated regular expression literal.
src/webview/settingsHelper.ts(145,14): error TS1161: Unterminated regular expression literal.
src/webview/settingsHelper.ts(146,19): error TS1005: ';' expected.
src/webview/settingsHelper.ts(146,24): error TS1005: '{' expected.
src/webview/settingsHelper.ts(147,23): error TS1005: '>' expected.
src/webview/settingsHelper.ts(147,28): error TS1005: '{' expected.
src/webview/settingsHelper.ts(147,55): error TS1005: ';' expected.
src/webview/settingsHelper.ts(147,68): error TS1005: ';' expected.
src/webview/settingsHelper.ts(147,81): error TS1005: ';' expected.
src/webview/settingsHelper.ts(147,96): error TS1005: ';' expected.
src/webview/settingsHelper.ts(148,23): error TS1005: '>' expected.
src/webview/settingsHelper.ts(148,28): error TS1005: '{' expected.
src/webview/settingsHelper.ts(148,59): error TS1110: Type expected.
src/webview/settingsHelper.ts(150,6): error TS1161: Unterminated regular expression literal.
src/webview/settingsHelper.ts(151,14): error TS1005: ';' expected.
src/webview/settingsHelper.ts(151,19): error TS1005: '{' expected.
src/webview/settingsHelper.ts(151,36): error TS1005: ';' expected.
src/webview/settingsHelper.ts(151,49): error TS1005: ';' expected.
src/webview/settingsHelper.ts(151,57): error TS1005: ';' expected.
src/webview/settingsHelper.ts(151,72): error TS1005: ';' expected.
src/webview/settingsHelper.ts(152,13): error TS1005: '>' expected.
src/webview/settingsHelper.ts(152,18): error TS1005: '{' expected.
src/webview/settingsHelper.ts(152,46): error TS1110: Type expected.
src/webview/settingsHelper.ts(154,6): error TS1161: Unterminated regular expression literal.
src/webview/settingsHelper.ts(155,6): error TS1161: Unterminated regular expression literal.
src/webview/settingsHelper.ts(156,3): error TS1127: Invalid character.
